// Jest Snapshot v1, https://goo.gl/fbAQLP

exports[`ButtonDownloadRecoveryKeyPDF renders button as expected: without CMS 1`] = `
<div>
  <span
    data-testid="ftlmsg-mock"
    id="recovery-key-download-button-v3"
  >
    <button
      class="cta-primary cta-xl w-full mt-4"
    >
      Download and continue
    </button>
  </span>
</div>
`;
